// Vitest Snapshot v1

exports[`<TargetForm /> > should render 1`] = `
<Fragment>
  <InputGroup>
    <styled.label>
      Name
    </styled.label>
    <Styled(UnstyledInput)
      error=""
      name="name"
      onChange={[MockFunction spy]}
      value="foo"
    />
    <styled.p />
  </InputGroup>
  <InputGroup>
    <styled.label>
      Description
    </styled.label>
    <TextArea
      name="description"
      onChange={[MockFunction spy]}
      value="bar"
    />
  </InputGroup>
  <InputGroup>
    <styled.label>
      Length
    </styled.label>
    <Styled(UnstyledInput)
      name="length"
      onChange={[MockFunction spy]}
      type="number"
      value={1}
    />
  </InputGroup>
  <Checkbox
    checked={false}
    disabled={false}
    label="Required"
    onClick={[MockFunction spy]}
  />
</Fragment>
`;

exports[`<TargetForm /> > should render with error 1`] = `
<Fragment>
  <InputGroup>
    <styled.label>
      Name
    </styled.label>
    <Styled(UnstyledInput)
      error=""
      name="name"
      onChange={[MockFunction spy]}
      value="foo"
    />
    <styled.p />
  </InputGroup>
  <InputGroup>
    <styled.label>
      Description
    </styled.label>
    <TextArea
      name="description"
      onChange={[MockFunction spy]}
      value="bar"
    />
  </InputGroup>
  <InputGroup>
    <styled.label>
      Length
    </styled.label>
    <Styled(UnstyledInput)
      name="length"
      onChange={[MockFunction spy]}
      type="number"
      value={1}
    />
  </InputGroup>
  <Checkbox
    checked={false}
    disabled={false}
    label="Required"
    onClick={[MockFunction spy]}
  />
</Fragment>
`;
