// Vitest Snapshot v1

exports[`<AnalysisViewerList /> > should render 1`] = `
<styled.div>
  <styled.div>
    Showing 
    4
     of 
    10
  </styled.div>
  <Styled(List)
    height={500}
    itemCount={4}
  >
    foo
  </Styled(List)>
  <styled.div>
    Use 
    <Key>
      w
    </Key>
     and 
    <Key>
      s
    </Key>
     to move
  </styled.div>
</styled.div>
`;
