// Vitest Snapshot v1, https://vitest.dev/guide/snapshot.html

exports[`<Contributor /> > should render when count is 1 1`] = `
<Styled(BoxGroupSection)
  key="bob"
>
  <InitialIcon
    handle="bob"
    size="md"
  />
  bob
  <Badge>
    1
     change
  </Badge>
</Styled(BoxGroupSection)>
`;

exports[`<Contributor /> > should render when count is 5 1`] = `
<Styled(BoxGroupSection)
  key="bob"
>
  <InitialIcon
    handle="bob"
    size="md"
  />
  bob
  <Badge>
    5
     change
    s
  </Badge>
</Styled(BoxGroupSection)>
`;

exports[`<Contributors /> > should render 1`] = `
<BoxGroup>
  <BoxGroupHeader>
    <h2>
      Contributors 
      <Badge>
        2
      </Badge>
    </h2>
  </BoxGroupHeader>
  <Contributor
    count={5}
    id="bob"
    key="bob"
  />
  <Contributor
    count={12}
    id="fred"
    key="fred"
  />
</BoxGroup>
`;
