// Vitest Snapshot v1

exports[`<IndexDetail /> > should render <LoadingPlaceholder /> when index or reference detail is null 1`] = `ShallowWrapper {}`;

exports[`<IndexDetail /> > should render <NotFound /> when GET_INDEX_ERROR is set 1`] = `ShallowWrapper {}`;

exports[`<IndexDetail /> > should render 1`] = `ShallowWrapper {}`;
