// Vitest Snapshot v1

exports[`<IndexDetail /> > should render <LoadingPlaceholder /> when index or reference detail is null 1`] = `<LoadingPlaceholder />`;

exports[`<IndexDetail /> > should render <NotFound /> when GET_INDEX_ERROR is set 1`] = `<NotFound />`;

exports[`<IndexDetail /> > should render 1`] = `
<Fragment>
  <SubviewHeader>
    <SubviewHeaderTitle>
      Index 
      3
    </SubviewHeaderTitle>
    <styled.div>
      <SubviewHeaderAttribution>
         built 
        <RelativeTime
          time="2018-02-14T17:12:00.000000Z"
        />
      </SubviewHeaderAttribution>
    </styled.div>
  </SubviewHeader>
  <ContainerNarrow>
    <IndexGeneral />
  </ContainerNarrow>
</Fragment>
`;
