// Vitest Snapshot v1

exports[`<IndexDetail /> > should render 1`] = `
<BoxGroup>
  <BoxGroupHeader>
    <h2>
      Files
      <Badge>
        2
      </Badge>
    </h2>
    Data files available to workflows using this index.
  </BoxGroupHeader>
  <File
    file={
      {
        "download_url": "/testUrl/foo",
        "id": "1",
        "name": "foo",
        "size": "1024",
      }
    }
    key="1"
  />
  <File
    file={
      {
        "download_url": "/testUrl/bar",
        "id": "2",
        "name": "bar",
        "size": "2048",
      }
    }
    key="2"
  />
</BoxGroup>
`;
