// Vitest Snapshot v1, https://vitest.dev/guide/snapshot.html

exports[`<IndexOTUs /> > should render 1`] = `
<BoxGroup>
  <BoxGroupHeader>
    <h2>
      OTUs 
      <Badge>
        1
      </Badge>
    </h2>
  </BoxGroupHeader>
  <IndexOTU
    changeCount={1}
    id="Foo"
    key="Foo"
    name="Bar"
    refId="baz"
  />
</BoxGroup>
`;
