// Vitest Snapshot v1

exports[`RebuildIndexError > should render extra text when error is 'There are unverified OTUs' 1`] = `ShallowWrapper {}`;

exports[`RebuildIndexError > should render nothing when error is falsey 1`] = `ShallowWrapper {}`;

exports[`RebuildIndexError > should render plain error 1`] = `ShallowWrapper {}`;
