// Vitest Snapshot v1, https://vitest.dev/guide/snapshot.html

exports[`<RebuildAlert /> > should render 1`] = `
<Alert
  color="orange"
  level={true}
>
  <Icon
    name="exclamation-circle"
  />
  <strong>
    At least one OTU must be added to the database before an index can be built.
  </strong>
</Alert>
`;

exports[`<RebuildAlert /> > should render when [showCountAlert!=0, showIndexAlert=true] 1`] = `
<Alert
  color="orange"
  level={true}
>
  <Icon
    name="info-circle"
  />
  <span>
    <span>
      There are unbuilt changes. 
    </span>
    <Link
      to={
        {
          "pathname": "/refs/foo/indexes",
          "state": {
            "rebuild": true,
          },
        }
      }
    >
      Rebuild the index
    </Link>
    <span>
       to use the changes in future analyses.
    </span>
  </span>
</Alert>
`;

exports[`<RebuildAlert /> > should return null when [showCountAlert!=0, showIndexAlert=false] 1`] = `""`;
