// Vitest Snapshot v1

exports[`<ReadSelector /> > should render 1`] = `
<div>
  <styled.label>
    <label>
      Read Files
    </label>
    <span>
      <span>
        Paired | 
      </span>
      2
       of 
      1
       selected
    </span>
  </styled.label>
  <Styled(Box)
    error="foo"
  >
    <Toolbar>
      <InputSearch
        onChange={[Function]}
        placeholder="Filename"
        value=""
      />
      <Styled(Button)
        icon="undo"
        onClick={[Function]}
        tip="Clear"
        type="button"
      />
      <Styled(Button)
        icon="retweet"
        onClick={[Function]}
        tip="Swap Orientations"
        type="button"
      />
    </Toolbar>
    <styled.div>
      <BoxGroup>
        <ReadSelectorItem
          id={21}
          index={0}
          key="21"
          name="bar"
          onSelect={[Function]}
          selected={true}
          size={1024}
        />
      </BoxGroup>
    </styled.div>
    <Styled(InputError)>
      foo
    </Styled(InputError)>
  </Styled(Box)>
</div>
`;
