// Vitest Snapshot v1

exports[`SampleUserGroup > should render 1`] = `
<InputGroup>
  <InputLabel>
    User Group
  </InputLabel>
  <InputSelect
    onChange={[MockFunction spy]}
    value="bar"
  >
    <option
      key="none"
      value="none"
    >
      None
    </option>
    <styled.option
      key="bar_id"
      value="bar_id"
    >
      bar
    </styled.option>
  </InputSelect>
</InputGroup>
`;
