// Vitest Snapshot v1

exports[`<ManageLabels> > should be disabled if no labels exist 1`] = `
<Styled(SideBarSection)>
  <SidebarHeader>
    Manage Labels
    <SampleSidebarSelector
      manageLink="/samples/labels"
      onUpdate={[Function]}
      partiallySelectedItems={[]}
      render={[Function]}
      sampleItems={[]}
      selectedItems={
        [
          1,
        ]
      }
      selectionType="labels"
    />
  </SidebarHeader>
  <SampleSidebarMultiselectList
    items={
      {
        "1": {
          "allLabeled": true,
          "color": "#FCA5A5",
          "description": "",
          "id": 1,
          "name": "test",
        },
      }
    }
    onUpdate={[Function]}
  />
  <styled.div>
    No labels found. 
    <Link
      to="/samples/labels"
    >
      Create one
    </Link>
    .
  </styled.div>
</Styled(SideBarSection)>
`;
