// Vitest Snapshot v1

exports[`<ReferenceSettings /> > should render 1`] = `
<ContainerNarrow>
  <ViewHeader
    title="Reference Settings"
  >
    <ViewHeaderTitle>
      Settings
    </ViewHeaderTitle>
  </ViewHeader>
  <Connect(SourceTypes)
    global={true}
  />
</ContainerNarrow>
`;

exports[`<References /> > should render when [loading=%p] false 1`] = `
<Container>
  <Switch>
    <Route
      component={
        {
          "$$typeof": Symbol(react.memo),
          "WrappedComponent": [Function],
          "compare": null,
          "type": [Function],
        }
      }
      exact={true}
      path="/refs"
    />
    <Redirect
      from="/refs/settings/*"
      to="/refs/settings"
    />
    <Route
      component={[Function]}
      path="/refs/settings"
    />
    <Route
      component={
        {
          "$$typeof": Symbol(react.memo),
          "WrappedComponent": [Function],
          "compare": null,
          "type": [Function],
        }
      }
      path="/refs/add"
    />
    <Route
      component={
        {
          "$$typeof": Symbol(react.memo),
          "WrappedComponent": [Function],
          "compare": null,
          "type": [Function],
        }
      }
      path="/refs/:refId"
    />
  </Switch>
</Container>
`;

exports[`<References /> > should render when [loading=%p] true 1`] = `<LoadingPlaceholder />`;
