// Vitest Snapshot v1

exports[`<Password /> > should call onHandleSubmit() when submitted value is long enough 1`] = `ShallowWrapper {}`;

exports[`<Password /> > should call onHandleSubmit() when submitted value is long enough 2`] = `ShallowWrapper {}`;

exports[`<Password /> > should render 1`] = `ShallowWrapper {}`;

exports[`<Password /> > should render when PasswordInput value has changed 1`] = `ShallowWrapper {}`;
