// Vitest Snapshot v1

exports[`<UserRole /> > should render empty when [canModifyUser=false] 1`] = `""`;

exports[`<UserRole /> > should render when [role=%p] administrator 1`] = `
<InputGroup>
  <styled.label>
    User Role
  </styled.label>
  <Select
    onChange={[Function]}
    value="administrator"
  >
    <option
      key="administrator"
      value="administrator"
    >
      Administrator
    </option>
    <option
      key="limited"
      value="limited"
    >
      Limited
    </option>
  </Select>
</InputGroup>
`;

exports[`<UserRole /> > should render when [role=%p] limited 1`] = `
<InputGroup>
  <styled.label>
    User Role
  </styled.label>
  <Select
    onChange={[Function]}
    value="limited"
  >
    <option
      key="administrator"
      value="administrator"
    >
      Administrator
    </option>
    <option
      key="limited"
      value="limited"
    >
      Limited
    </option>
  </Select>
</InputGroup>
`;
