// Vitest Snapshot v1

exports[`<ReferenceDetailHeader/> > should render 1`] = `ShallowWrapper {}`;

exports[`<ReferenceDetailHeader/> > should render when [showIcons=false] 1`] = `ShallowWrapper {}`;

exports[`<ReferenceDetailHeaderIcon /> > should render 1`] = `ShallowWrapper {}`;

exports[`<ReferenceDetailHeaderIcon /> > should render when [both canModify=false, isRemote=false] 1`] = `ShallowWrapper {}`;

exports[`<ReferenceDetailHeaderIcon /> > should render when [canModify=false] 1`] = `ShallowWrapper {}`;

exports[`<ReferenceDetailHeaderIcon /> > should render when [isRemote=false] 1`] = `ShallowWrapper {}`;
