// Vitest Snapshot v1

exports[`<ReferenceManage /> > should render when [props.cloned_from={ Bar: 'Bee' }] 1`] = `
<ContainerNarrow>
  <BoxGroup>
    <BoxGroupHeader>
      <h2>
        General
      </h2>
    </BoxGroupHeader>
    <Styled(Table)>
      <tbody>
        <tr>
          <th>
            Description
          </th>
          <td>
            boo
          </td>
        </tr>
        <tr>
          <th>
            Organism
          </th>
          <td>
            Bar
          </td>
        </tr>
        <tr>
          <th>
            Data Type
          </th>
          <td>
            Boo
          </td>
        </tr>
      </tbody>
    </Styled(Table)>
  </BoxGroup>
  <Connect(Remote) />
  <Clone
    source={
      {
        "bar": "bee",
      }
    }
  />
  <BoxGroup>
    <BoxGroupHeader>
      <h2>
        Latest Index Build
      </h2>
    </BoxGroupHeader>
    <LatestBuild
      id="foo"
      latestBuild={
        {
          "Foo": "fee",
        }
      }
    />
  </BoxGroup>
  <Contributors
    contributors="baz"
  />
  <Connect(Targets) />
</ContainerNarrow>
`;

exports[`<ReferenceManage /> > should render when [props.remotes_from=null] 1`] = `
<ContainerNarrow>
  <BoxGroup>
    <BoxGroupHeader>
      <h2>
        General
      </h2>
    </BoxGroupHeader>
    <Styled(Table)>
      <tbody>
        <tr>
          <th>
            Description
          </th>
          <td>
            boo
          </td>
        </tr>
        <tr>
          <th>
            Organism
          </th>
          <td>
            Bar
          </td>
        </tr>
        <tr>
          <th>
            Data Type
          </th>
          <td>
            Boo
          </td>
        </tr>
      </tbody>
    </Styled(Table)>
  </BoxGroup>
  <Connect(Remote) />
  <Clone
    source={
      {
        "bar": "bee",
      }
    }
  />
  <BoxGroup>
    <BoxGroupHeader>
      <h2>
        Latest Index Build
      </h2>
    </BoxGroupHeader>
    <LatestBuild
      id="foo"
      latestBuild={
        {
          "Foo": "fee",
        }
      }
    />
  </BoxGroup>
  <Contributors
    contributors="baz"
  />
  <Connect(Targets) />
</ContainerNarrow>
`;
