// Vitest Snapshot v1, https://vitest.dev/guide/snapshot.html

exports[`<MemberItem /> > should render 1`] = `
<Styled(BoxGroupSection)>
  <MemberItemIcon
    handle="bob"
  />
  bob
</Styled(BoxGroupSection)>
`;

exports[`<MemberItem /> > should render with [canModify=true] 1`] = `
<Styled(BoxGroupSection)>
  <MemberItemIcon
    handle="bob"
  />
  bob
  <styled.span>
    <Icon
      color="orange"
      name="edit"
      onClick={[Function]}
      tip="Modify"
    />
    <Icon
      color="red"
      name="trash"
      onClick={[Function]}
      tip="Remove"
    />
  </styled.span>
</Styled(BoxGroupSection)>
`;
