// Vitest Snapshot v1, https://vitest.dev/guide/snapshot.html

exports[`<ReferenceDetailTabs /> > should render 1`] = `
<Tabs>
  <TabsLink
    to="/refs/foo/manage"
  >
    Manage
  </TabsLink>
  <TabsLink
    to="/refs/foo/otus"
  >
    OTUs 
    <Badge>
      203
    </Badge>
  </TabsLink>
  <TabsLink
    to="/refs/foo/indexes"
  >
    Indexes
  </TabsLink>
  <TabsLink
    to="/refs/foo/settings"
  >
    Settings
  </TabsLink>
</Tabs>
`;
