// Vitest Snapshot v1, https://vitest.dev/guide/snapshot.html

exports[`<SubtractionList /> > renders correctly 1`] = `
<Fragment>
  <ViewHeader
    title="Subtractions"
  >
    <ViewHeaderTitle>
      Subtractions 
      <Badge>
        1
      </Badge>
    </ViewHeaderTitle>
  </ViewHeader>
  <Connect(SubtractionToolbar)
    onChange={[Function]}
    term={null}
  />
  <LegacyScrollList
    documents={
      [
        "one",
        "two",
        "three",
      ]
    }
    onLoadNextPage={[Function]}
    page={1}
    pageCount={1}
    renderRow={[Function]}
  />
</Fragment>
`;
