// Vitest Snapshot v1, https://vitest.dev/guide/snapshot.html

exports[`<SubtractionList /> > renders correctly 1`] = `
<Router
  history={
    {
      "action": "POP",
      "block": [Function],
      "canGo": [Function],
      "createHref": [Function],
      "entries": [
        {
          "hash": "",
          "key": "test",
          "pathname": "/subtractions",
          "search": "",
        },
      ],
      "go": [Function],
      "goBack": [Function],
      "goForward": [Function],
      "index": 0,
      "length": 1,
      "listen": [Function],
      "location": {
        "hash": "",
        "key": "test",
        "pathname": "/subtractions",
        "search": "",
      },
      "push": [Function],
      "replace": [Function],
    }
  }
>
  <SubtractionList
    canModify={true}
    documents={
      [
        "one",
        "two",
        "three",
      ]
    }
    errorLoad={false}
    fetched={true}
    filter="test"
    isLoading={false}
    loadNextPage={[MockFunction spy]}
    onFilter={[MockFunction spy]}
    page={1}
    page_count={1}
    ready_host_count={1}
    refetchPage={false}
    total_count={1}
  />
</Router>
`;
