// Jest Snapshot v1, https://goo.gl/fbAQLP

exports[`<Subtraction /> should render 1`] = `
<Container>
  <Container__NarrowContainer>
    <Switch>
      <Route
        component={
          Object {
            "$$typeof": Symbol(react.memo),
            "WrappedComponent": [Function],
            "compare": null,
            "type": [Function],
          }
        }
        exact={true}
        path="/subtractions"
      />
      <Route
        component={[Function]}
        path="/subtractions/files"
      />
      <Route
        component={
          Object {
            "$$typeof": Symbol(react.memo),
            "WrappedComponent": [Function],
            "compare": null,
            "type": [Function],
          }
        }
        path="/subtractions/create"
      />
      <Route
        component={
          Object {
            "$$typeof": Symbol(react.memo),
            "WrappedComponent": [Function],
            "compare": null,
            "type": [Function],
          }
        }
        path="/subtractions/:subtractionId"
      />
    </Switch>
  </Container__NarrowContainer>
</Container>
`;

exports[`<SubtractionFileManager /> should render 1`] = `
<Connect(FileManager)
  fileType="subtraction"
  message="Drag FASTA files here to upload."
  tip="Accepts files ending in fa, fasta, fa.gz, or fasta.gz."
  validationRegex={/\\.\\(\\?:fa\\|fasta\\)\\(\\?:\\.gz\\|\\.gzip\\)\\?\\$/}
/>
`;
