// Vitest Snapshot v1

exports[`<Subtraction /> > should render 1`] = `
<styled.div>
  <styled.div>
    <Switch>
      <Route
        component={
          {
            "$$typeof": Symbol(react.memo),
            "WrappedComponent": [Function],
            "compare": null,
            "type": [Function],
          }
        }
        exact={true}
        path="/subtractions"
      />
      <Route
        component={[Function]}
        path="/subtractions/files"
      />
      <Route
        component={
          {
            "$$typeof": Symbol(react.memo),
            "WrappedComponent": [Function],
            "compare": null,
            "type": [Function],
          }
        }
        path="/subtractions/create"
      />
      <Route
        component={
          {
            "$$typeof": Symbol(react.memo),
            "WrappedComponent": [Function],
            "compare": null,
            "type": [Function],
          }
        }
        path="/subtractions/:subtractionId"
      />
    </Switch>
  </styled.div>
</styled.div>
`;
