// Vitest Snapshot v1

exports[`<ChangePassword /> > should render 1`] = `ShallowWrapper {}`;

exports[`<ChangePassword /> > should render placeholder when [props.ready=false] 1`] = `ShallowWrapper {}`;

exports[`<ChangePassword /> > should render with error in props 1`] = `ShallowWrapper {}`;

exports[`<ChangePassword /> > should show error if submitted old password is empty 1`] = `ShallowWrapper {}`;

exports[`<ChangePassword /> > should show error if submitted password is too short 1`] = `ShallowWrapper {}`;
