// Jest Snapshot v1, https://goo.gl/fbAQLP

exports[`<Bar /> should render 1`] = `
<NavBar__StyledNavBar>
  <NavBar__NavBarLeft>
    <NavBar__NavBarLogo
      color="white"
    />
    <NavBarItem
      to="/home"
    >
      Home
    </NavBarItem>
    <NavBarItem
      to="/jobs"
    >
      Jobs
    </NavBarItem>
    <NavBarItem
      to="/samples"
    >
      Samples
    </NavBarItem>
    <NavBarItem
      to="/refs"
    >
      References
    </NavBarItem>
    <NavBarItem
      to="/hmm"
    >
      HMM
    </NavBarItem>
    <NavBarItem
      to="/subtractions"
    >
      Subtractions
    </NavBarItem>
  </NavBar__NavBarLeft>
  <NavBar__NavBarRight>
    <Menu>
      <NavBar__NavDropdownButton>
        <InitialIcon
          size="md"
        />
        <span />
        <Icon
          faStyle="fas"
          fixedWidth={false}
          name="caret-down"
        />
      </NavBar__NavDropdownButton>
      <Dropdown__DropdownMenuList>
        <Dropdown__DropdownMenuLink
          to="/account"
        >
          Signed in as 
          <b />
        </Dropdown__DropdownMenuLink>
        <Divider />
        <Dropdown__DropdownMenuLink
          to="/account"
        >
          Account
        </Dropdown__DropdownMenuLink>
        <Dropdown__DropdownMenuLink
          to="/administration"
        >
          Administration 
        </Dropdown__DropdownMenuLink>
        <Dropdown__DropdownMenuLink
          rel="noopener noreferrer"
          target="_blank"
          to="//virtool.ca/docs/manual/start/installation/"
        >
          Documentation
        </Dropdown__DropdownMenuLink>
        <Dropdown__DropdownMenuItem
          onSelect={[MockFunction]}
        >
          Logout
        </Dropdown__DropdownMenuItem>
      </Dropdown__DropdownMenuList>
    </Menu>
  </NavBar__NavBarRight>
</NavBar__StyledNavBar>
`;
