// Vitest Snapshot v1

exports[`<Bar /> > should render 1`] = `
<NavBar>
  <NavBarLeft>
    <NavBarLogo
      color="white"
    />
    <Styled(NavLink)
      to="/jobs"
    >
      Jobs
    </Styled(NavLink)>
    <Styled(NavLink)
      to="/samples"
    >
      Samples
    </Styled(NavLink)>
    <Styled(NavLink)
      to="/refs"
    >
      References
    </Styled(NavLink)>
    <Styled(NavLink)
      to="/hmm"
    >
      HMM
    </Styled(NavLink)>
    <Styled(NavLink)
      to="/subtractions"
    >
      Subtractions
    </Styled(NavLink)>
  </NavBarLeft>
  <NavBarRight>
    <Dropdown>
      <NavDropdownButton>
        <InitialIcon
          size="md"
        />
        <span />
        <Icon
          name="caret-down"
        />
      </NavDropdownButton>
      <DropdownMenuList>
        <DropdownMenuLink
          to="/account"
        >
          Signed in as 
          <strong />
        </DropdownMenuLink>
        <NavDivider />
        <DropdownMenuLink
          to="/account"
        >
          Account
        </DropdownMenuLink>
        <DropdownMenuLink
          to="/administration"
        >
          Administration 
        </DropdownMenuLink>
        <DropdownMenuLink
          rel="noopener noreferrer"
          target="_blank"
          to="//virtool.ca/docs/manual/start/installation/"
        >
          Documentation
        </DropdownMenuLink>
        <DropdownMenuItem
          onSelect={[MockFunction spy]}
        >
          Logout
        </DropdownMenuItem>
      </DropdownMenuList>
    </Dropdown>
  </NavBarRight>
</NavBar>
`;
