// Vitest Snapshot v1

exports[`<RemoveSequence /> > renders correctly 1`] = `
<Modal
  color="red"
  label="Remove"
  onHide={[MockFunction spy]}
  show={true}
>
  <ModalHeader>
    Remove Sequence
  </ModalHeader>
  <Styled(Styled(styled.div))>
    <span>
      Are you sure you want to remove the sequence
      <strong>
         
        test
      </strong>
       from
      <strong>
         
        baz
      </strong>
      ?
    </span>
  </Styled(Styled(styled.div))>
  <Styled(Component)>
    <Button
      color="red"
      disabled={false}
      icon="check"
      onClick={[Function]}
      tipPlacement="top"
      type="button"
    >
      Confirm
    </Button>
  </Styled(Component)>
</Modal>
`;
