// Vitest Snapshot v1

exports[`<RemoveSequence /> > renders correctly 1`] = `
<Modal
  color="red"
  label="Remove"
  onHide={[MockFunction spy]}
  show={true}
  size="sm"
>
  <ModalHeader>
    Remove Sequence
  </ModalHeader>
  <RemoveModalBody>
    <span>
      Are you sure you want to remove the sequence
      <strong>
         
        test
      </strong>
       from
      <strong>
         
        baz
      </strong>
      ?
    </span>
  </RemoveModalBody>
  <ModalFooter>
    <Button
      color="red"
      icon="check"
      onClick={[Function]}
    >
      Confirm
    </Button>
  </ModalFooter>
</Modal>
`;
