// Jest Snapshot v1, https://goo.gl/fbAQLP

exports[`<HMM /> should render 1`] = `
<Container>
  <Container__NarrowContainer>
    <Switch>
      <Route
        component={
          Object {
            "$$typeof": Symbol(react.memo),
            "WrappedComponent": [Function],
            "compare": null,
            "type": [Function],
          }
        }
        exact={true}
        path="/hmm"
      />
      <Route
        component={[Function]}
        path="/hmm/settings"
      />
      <Route
        component={
          Object {
            "$$typeof": Symbol(react.memo),
            "WrappedComponent": [Function],
            "compare": null,
            "type": [Function],
          }
        }
        path="/hmm/:hmmId"
      />
    </Switch>
  </Container__NarrowContainer>
</Container>
`;
