// Vitest Snapshot v1

exports[`<HMMItem /> > should render 1`] = `
<Styled(Styled(Link))
  to="/hmm/tester"
>
  <styled.strong>
    5
  </styled.strong>
  <styled.span>
    string1
  </styled.span>
  <styled.div>
    <styled.span
      key="0"
      spaced={true}
    >
      Family1
    </styled.span>
    <styled.span
      key="1"
      spaced={true}
    >
      Family2
    </styled.span>
    <styled.span
      key="2"
      spaced={true}
    >
      Family3
    </styled.span>
     
    ...
  </styled.div>
</Styled(Styled(Link))>
`;
