// Vitest Snapshot v1

exports[`<CacheDetail /> > should render 1`] = `
<styled.div>
  <styled.div>
    <styled.div>
      Cache for 
      Foo
    </styled.div>
    <styled.span>
      Created 
      <RelativeTime
        time="2018-01-01T00:00:00.000000Z"
      />
    </styled.span>
  </styled.div>
  <CacheGeneral
    created_at="2018-01-01T00:00:00.000000Z"
    hash="123abc"
    parameters={
      {
        "foo": "bar",
      }
    }
    program="foo"
  />
  <CacheParameters
    parameters={
      {
        "foo": "bar",
      }
    }
  />
  <Connect(CacheQuality) />
</styled.div>
`;

exports[`<CacheDetail /> > should render when [detail=null] 1`] = `<LoadingPlaceholder />`;
