// Vitest Snapshot v1

exports[`<ReferenceItemOrigin /> > should render for cloned references 1`] = `ShallowWrapper {}`;

exports[`<ReferenceItemOrigin /> > should render for imported references 1`] = `ShallowWrapper {}`;

exports[`<ReferenceItemOrigin /> > should render for remoted references 1`] = `ShallowWrapper {}`;
