// Vitest Snapshot v1, https://vitest.dev/guide/snapshot.html

exports[`<Markdown /> > should render NoneFound without markdown 1`] = `
<styled.div>
  <NoneFound
    noun="notes"
  />
</styled.div>
`;

exports[`<Markdown /> > should render with markdown 1`] = `
<styled.div
  dangerouslySetInnerHTML={
    {
      "__html": "<pre><code>        # Heading
        body
    
</code></pre>
",
    }
  }
/>
`;
