// Vitest Snapshot v1

exports[`<RemoveBanner /> > renders correctly 1`] = `
<RemoveBanner__StyledRemoveBanner
  color="red"
>
  <strong>
    test
  </strong>
  <Button
    color="red"
    icon="trash"
    onClick={[MockFunction spy]}
  >
    Delete
  </Button>
</RemoveBanner__StyledRemoveBanner>
`;
