// Vitest Snapshot v1, https://vitest.dev/guide/snapshot.html

exports[`<ScrollList /> > should render when [noContainer=false] 1`] = `
<div
  className="sc-dkrFOg bhsVIW"
/>
`;

exports[`<ScrollList /> > should return LoadingPlaceholder when [documents=null] and [page<pageCount] 1`] = `
<div
  className="sc-dkrFOg bhsVIW"
>
  <div
    className="sc-gswNZR LuiSG"
  >
    <div
      aria-label="loading"
      className="sc-bcXHqe jqTlCq"
      color="greyDark"
      size="22px"
    >
      <div />
    </div>
  </div>
</div>
`;

exports[`<ScrollList /> > should return React.Fragment when [noContainer=true] 1`] = `
<div
  className="sc-dkrFOg bhsVIW"
/>
`;
