// Vitest Snapshot v1

exports[`<ScrollList /> > should render when [noContainer=false] 1`] = `
<div
  className="sc-dkPtRN eLNdug"
/>
`;

exports[`<ScrollList /> > should return LoadingPlaceholder when [documents=null] and [page<pageCount] 1`] = `
<div
  className="sc-dkPtRN eLNdug"
>
  <div
    className="sc-gsDKAQ iidqMJ"
  >
    <div
      aria-label="loading"
      className="sc-bdvvtL coplvl"
      color="greyDark"
      size="22px"
    >
      <div />
    </div>
  </div>
</div>
`;

exports[`<ScrollList /> > should return React.Fragment when [noContainer=true] 1`] = `
<div
  className="sc-dkPtRN eLNdug"
/>
`;
