// Vitest Snapshot v1, https://vitest.dev/guide/snapshot.html

exports[`<SampleRights /> > should render 1`] = `
<ContainerNarrow>
  <BoxGroup>
    <BoxGroupHeader>
      <h2>
        Sample Rights
      </h2>
      <p>
        Control who can read and write this sample and which user group owns the sample.
      </p>
    </BoxGroupHeader>
    <BoxGroupSection>
      <InputGroup>
        <InputLabel>
          Group
        </InputLabel>
        <InputSelect
          onChange={[Function]}
        >
          <option
            value="none"
          >
            None
          </option>
          <option
            key="managers"
            value="managers"
          >
            Managers
          </option>
          <option
            key="technicians"
            value="technicians"
          >
            Technicians
          </option>
        </InputSelect>
      </InputGroup>
      <InputGroup>
        <InputLabel>
          Group Rights
        </InputLabel>
        <InputSelect
          name="groupRights"
          onChange={[Function]}
          value="rw"
        >
          <option
            value=""
          >
            None
          </option>
          <option
            value="r"
          >
            Read
          </option>
          <option
            value="rw"
          >
            Read & write
          </option>
        </InputSelect>
      </InputGroup>
      <InputGroup>
        <InputLabel>
          All Users' Rights
        </InputLabel>
        <InputSelect
          label="All Users' Rights"
          name="allUsers"
          onChange={[Function]}
          value="rw"
        >
          <option
            value=""
          >
            None
          </option>
          <option
            value="r"
          >
            Read
          </option>
          <option
            value="rw"
          >
            Read & write
          </option>
        </InputSelect>
      </InputGroup>
    </BoxGroupSection>
  </BoxGroup>
</ContainerNarrow>
`;

exports[`<SampleRights /> > should return LoadingPlaceholder when[this.props.groups=null] 1`] = `<LoadingPlaceholder />`;

exports[`<SampleRights /> > should return Not allowed panel when[this.props.canModifyRights=false] 1`] = `
<Box>
  Not allowed
</Box>
`;
